\BOOKMARK [0][-]{chapter.1}{\376\377\000I\000n\000t\000r\000o\000d\000u\000c\000t\000i\000o\000n}{}% 1
\BOOKMARK [1][-]{section.1.1}{\376\377\000R\000e\000q\000u\000i\000r\000e\000m\000e\000n\000t\000s\000\040\000a\000n\000d\000\040\000O\000b\000j\000e\000c\000t\000i\000v\000e\000s}{chapter.1}% 2
\BOOKMARK [2][-]{subsection.1.1.1}{\376\377\000P\000r\000o\000j\000e\000c\000t\000\040\000R\000e\000q\000u\000i\000r\000e\000m\000e\000n\000t\000s}{section.1.1}% 3
\BOOKMARK [2][-]{subsection.1.1.2}{\376\377\000P\000r\000o\000j\000e\000c\000t\000\040\000O\000b\000j\000e\000c\000t\000i\000v\000e\000s}{section.1.1}% 4
\BOOKMARK [1][-]{section.1.2}{\376\377\000P\000r\000o\000b\000l\000e\000m\000\040\000S\000t\000a\000t\000e\000m\000e\000n\000t}{chapter.1}% 5
\BOOKMARK [2][-]{subsection.1.2.1}{\376\377\000B\000a\000c\000k\000g\000r\000o\000u\000n\000d}{section.1.2}% 6
\BOOKMARK [2][-]{subsection.1.2.2}{\376\377\000M\000o\000t\000i\000v\000a\000t\000i\000o\000n}{section.1.2}% 7
\BOOKMARK [0][-]{chapter.2}{\376\377\000S\000c\000r\000u\000m\000\040\000I\000m\000p\000l\000e\000m\000e\000n\000t\000a\000t\000i\000o\000n}{}% 8
\BOOKMARK [0][-]{chapter.3}{\376\377\000S\000p\000r\000i\000n\000t\000s}{}% 9
\BOOKMARK [1][-]{section.3.1}{\376\377\000S\000p\000r\000i\000n\000t\000\040\0001}{chapter.3}% 10
\BOOKMARK [1][-]{section.3.2}{\376\377\000S\000p\000r\000i\000n\000t\000\040\0002}{chapter.3}% 11
\BOOKMARK [1][-]{section.3.3}{\376\377\000S\000p\000r\000i\000n\000t\000\040\0003}{chapter.3}% 12
\BOOKMARK [1][-]{section.3.4}{\376\377\000S\000p\000r\000i\000n\000t\000\040\0004}{chapter.3}% 13
\BOOKMARK [1][-]{section.3.5}{\376\377\000S\000p\000r\000i\000n\000t\000\040\0005}{chapter.3}% 14
\BOOKMARK [1][-]{section.3.6}{\376\377\000S\000p\000r\000i\000n\000t\000\040\0006}{chapter.3}% 15
\BOOKMARK [0][-]{chapter.4}{\376\377\000S\000o\000l\000u\000t\000i\000o\000n}{}% 16
\BOOKMARK [1][-]{section.4.1}{\376\377\000U\000M\000L\000\040\000D\000i\000a\000g\000r\000a\000m\000s}{chapter.4}% 17
\BOOKMARK [2][-]{subsection.4.1.1}{\376\377\000A\000c\000t\000i\000v\000i\000t\000y\000\040\000D\000i\000a\000g\000r\000a\000m\000s}{section.4.1}% 18
\BOOKMARK [2][-]{subsection.4.1.2}{\376\377\000S\000e\000q\000u\000e\000n\000c\000e\000\040\000D\000i\000a\000g\000r\000a\000m}{section.4.1}% 19
\BOOKMARK [2][-]{subsection.4.1.3}{\376\377\000C\000l\000a\000s\000s\000\040\000D\000i\000a\000g\000r\000a\000m}{section.4.1}% 20
\BOOKMARK [1][-]{section.4.2}{\376\377\000T\000e\000c\000h\000n\000i\000c\000a\000l\000\040\000A\000r\000c\000h\000i\000t\000e\000c\000t\000u\000r\000e}{chapter.4}% 21
\BOOKMARK [0][-]{chapter.5}{\376\377\000I\000m\000p\000l\000e\000m\000e\000n\000t\000a\000t\000i\000o\000n}{}% 22
\BOOKMARK [1][-]{section.5.1}{\376\377\000F\000r\000o\000n\000t\000e\000n\000d}{chapter.5}% 23
\BOOKMARK [2][-]{subsection.5.1.1}{\376\377\000A\000r\000c\000h\000i\000t\000e\000c\000t\000u\000r\000e\000\040\000a\000n\000d\000\040\000T\000e\000c\000h\000n\000o\000l\000o\000g\000y\000\040\000S\000t\000a\000c\000k\000\040\000\050\000m\000v\000v\000m\000\040\000i\000n\000\040\000A\000v\000a\000l\000o\000n\000i\000a\000\040\000u\000i\000\051}{section.5.1}% 24
\BOOKMARK [2][-]{subsection.5.1.2}{\376\377\000u\000i\000\040\000E\000l\000e\000m\000e\000n\000t\000s\000\040\000a\000n\000d\000\040\000S\000t\000y\000l\000i\000n\000g}{section.5.1}% 25
\BOOKMARK [2][-]{subsection.5.1.3}{\376\377\000D\000a\000t\000a\000\040\000F\000l\000o\000w}{section.5.1}% 26
\BOOKMARK [1][-]{section.5.2}{\376\377\000B\000a\000c\000k\000e\000n\000d}{chapter.5}% 27
\BOOKMARK [2][-]{subsection.5.2.1}{\376\377\000A\000s\000s\000e\000t\000\040\000M\000a\000n\000a\000g\000e\000r}{section.5.2}% 28
\BOOKMARK [2][-]{subsection.5.2.2}{\376\377\000S\000o\000u\000r\000c\000e\000\040\000D\000a\000t\000a\000\040\000M\000a\000n\000a\000g\000e\000r}{section.5.2}% 29
\BOOKMARK [2][-]{subsection.5.2.3}{\376\377\000O\000p\000t\000i\000m\000i\000z\000e\000r}{section.5.2}% 30
\BOOKMARK [1][-]{section.5.3}{\376\377\000D\000a\000t\000a\000\040\000M\000a\000n\000a\000g\000e\000m\000e\000n\000t}{chapter.5}% 31
\BOOKMARK [2][-]{subsection.5.3.1}{\376\377\000A\000s\000s\000e\000t\000\040\000L\000o\000a\000d\000e\000r}{section.5.3}% 32
\BOOKMARK [2][-]{subsection.5.3.2}{\376\377\000S\000o\000u\000r\000c\000e\000\040\000D\000a\000t\000a\000\040\000L\000o\000a\000d\000e\000r}{section.5.3}% 33
\BOOKMARK [2][-]{subsection.5.3.3}{\376\377\000R\000e\000s\000u\000l\000t\000\040\000D\000a\000t\000a\000\040\000S\000a\000v\000e\000r}{section.5.3}% 34
\BOOKMARK [2][-]{subsection.5.3.4}{\376\377\000A\000r\000c\000h\000i\000t\000e\000c\000t\000u\000r\000e}{section.5.3}% 35
\BOOKMARK [0][-]{chapter.6}{\376\377\000D\000i\000s\000c\000u\000s\000s\000i\000o\000n\000\040\000a\000n\000d\000\040\000R\000e\000f\000l\000e\000c\000t\000i\000o\000n}{}% 36
\BOOKMARK [1][-]{section.6.1}{\376\377\000S\000c\000r\000u\000m}{chapter.6}% 37
\BOOKMARK [2][-]{subsection.6.1.1}{\376\377\000S\000c\000r\000u\000m\000\040\000p\000r\000a\000c\000t\000i\000c\000e\000s\000\040\000a\000n\000d\000\040\000b\000e\000n\000e\000f\000i\000t\000s}{section.6.1}% 38
\BOOKMARK [2][-]{subsection.6.1.2}{\376\377\000I\000m\000p\000a\000c\000t\000\040\000o\000f\000\040\000b\000e\000h\000a\000v\000i\000o\000u\000r\000\040\000a\000n\000d\000\040\000c\000o\000d\000e\000\040\000q\000u\000a\000l\000i\000t\000y}{section.6.1}% 39
\BOOKMARK [2][-]{subsection.6.1.3}{\376\377\000C\000h\000a\000l\000l\000e\000n\000g\000e\000s\000\040\000a\000n\000d\000\040\000i\000s\000s\000u\000e\000s}{section.6.1}% 40
\BOOKMARK [1][-]{section.6.2}{\376\377\000R\000e\000q\000.\000\040\000E\000n\000g\000i\000n\000e\000e\000r\000i\000n\000g}{chapter.6}% 41
\BOOKMARK [2][-]{subsection.6.2.1}{\376\377\000I\000m\000p\000a\000c\000t\000\040\000o\000n\000\040\000w\000o\000r\000k\000\040\000q\000u\000a\000l\000i\000t\000y}{section.6.2}% 42
\BOOKMARK [2][-]{subsection.6.2.2}{\376\377\000I\000m\000p\000o\000r\000t\000a\000n\000t\000\040\000t\000a\000k\000e\000a\000w\000a\000y\000s}{section.6.2}% 43
\BOOKMARK [1][-]{section.6.3}{\376\377\000R\000e\000f\000a\000c\000t\000o\000r\000i\000n\000g}{chapter.6}% 44
\BOOKMARK [2][-]{subsection.6.3.1}{\376\377\000I\000m\000p\000a\000c\000t\000\040\000o\000n\000\040\000c\000o\000d\000e\000\040\000q\000u\000a\000l\000i\000t\000y}{section.6.3}% 45
\BOOKMARK [2][-]{subsection.6.3.2}{\376\377\000T\000e\000a\000m\000w\000o\000r\000k\000\040\000a\000n\000d\000\040\000s\000k\000i\000l\000l\000s\000\040\000b\000a\000l\000a\000n\000c\000e}{section.6.3}% 46
\BOOKMARK [2][-]{subsection.6.3.3}{\376\377\000R\000e\000f\000a\000c\000t\000o\000r\000i\000n\000g\000\040\000c\000h\000a\000l\000l\000e\000n\000g\000e\000s}{section.6.3}% 47
\BOOKMARK [1][-]{section.6.4}{\376\377\000C\000o\000d\000e\000\040\000r\000e\000v\000i\000e\000w}{chapter.6}% 48
\BOOKMARK [2][-]{subsection.6.4.1}{\376\377\000C\000o\000d\000e\000\040\000q\000u\000a\000l\000i\000t\000y\000\040\000a\000n\000d\000\040\000k\000n\000o\000w\000l\000e\000d\000g\000e\000\040\000s\000h\000a\000r\000i\000n\000g}{section.6.4}% 49
\BOOKMARK [2][-]{subsection.6.4.2}{\376\377\000C\000h\000a\000l\000l\000e\000n\000g\000e\000s\000\040\000a\000n\000d\000\040\000s\000o\000l\000u\000t\000i\000o\000n\000s}{section.6.4}% 50
\BOOKMARK [2][-]{subsection.6.4.3}{\376\377\000P\000r\000o\000c\000e\000s\000s\000\040\000a\000d\000j\000u\000s\000t\000m\000e\000n\000t\000s}{section.6.4}% 51
\BOOKMARK [1][-]{section.6.5}{\376\377\000T\000e\000s\000t\000i\000n\000g}{chapter.6}% 52
\BOOKMARK [2][-]{subsection.6.5.1}{\376\377\000I\000m\000p\000l\000e\000m\000e\000n\000t\000a\000t\000i\000o\000n}{section.6.5}% 53
\BOOKMARK [2][-]{subsection.6.5.2}{\376\377\000S\000c\000o\000p\000e\000\040\000o\000f\000\040\000t\000e\000s\000t\000i\000n\000g}{section.6.5}% 54
\BOOKMARK [2][-]{subsection.6.5.3}{\376\377\000B\000e\000n\000e\000f\000i\000t\000s\000\040\000a\000n\000d\000\040\000l\000i\000m\000i\000t\000a\000t\000i\000o\000n\000s\000\040\000o\000f\000\040\000t\000e\000s\000t\000i\000n\000g}{section.6.5}% 55
\BOOKMARK [1][-]{section.6.6}{\376\377\000R\000e\000f\000l\000e\000c\000t\000i\000o\000n}{chapter.6}% 56
\BOOKMARK [2][-]{subsection.6.6.1}{\376\377\000F\000u\000l\000f\000i\000l\000m\000e\000n\000t\000\040\000o\000f\000\040\000r\000e\000q\000u\000i\000r\000e\000m\000e\000n\000t\000s\000\040\000a\000n\000d\000\040\000p\000r\000o\000b\000l\000e\000m\000\040\000s\000o\000l\000v\000i\000n\000g}{section.6.6}% 57
\BOOKMARK [2][-]{subsection.6.6.2}{\376\377\000I\000d\000e\000n\000t\000i\000f\000i\000e\000d\000\040\000l\000i\000m\000i\000t\000a\000t\000i\000o\000n\000s}{section.6.6}% 58
\BOOKMARK [2][-]{subsection.6.6.3}{\376\377\000F\000u\000t\000u\000r\000e\000\040\000d\000e\000v\000e\000l\000o\000p\000m\000e\000n\000t}{section.6.6}% 59
\BOOKMARK [0][-]{chapter.7}{\376\377\000C\000o\000n\000c\000l\000u\000s\000i\000o\000n}{}% 60
\BOOKMARK [0][-]{chapter.8}{\376\377\000A\000c\000k\000n\000o\000w\000l\000e\000d\000g\000e\000m\000e\000n\000t\000s}{}% 61
\BOOKMARK [1][-]{section.8.1}{\376\377\000A\000I\000\040\000U\000s\000a\000g\000e}{chapter.8}% 62
\BOOKMARK [2][-]{subsection.8.1.1}{\376\377\000T\000e\000c\000h\000n\000i\000c\000a\000l\000\040\000C\000o\000n\000s\000u\000l\000t\000a\000t\000i\000o\000n\000s}{section.8.1}% 63
\BOOKMARK [2][-]{subsection.8.1.2}{\376\377\000D\000e\000b\000u\000g\000g\000i\000n\000g}{section.8.1}% 64
\BOOKMARK [2][-]{subsection.8.1.3}{\376\377\000L\000i\000b\000r\000a\000r\000i\000e\000s\000\040\000s\000u\000g\000g\000e\000s\000t\000i\000o\000n\000s}{section.8.1}% 65
\BOOKMARK [2][-]{subsection.8.1.4}{\376\377\000R\000e\000p\000o\000r\000t\000\040\000E\000v\000a\000l\000u\000a\000t\000i\000o\000n}{section.8.1}% 66
\BOOKMARK [2][-]{subsection.8.1.5}{\376\377\000I\000m\000a\000g\000e\000\040\000Q\000u\000a\000l\000i\000t\000y\000\040\000E\000n\000h\000a\000n\000c\000e\000m\000e\000n\000t}{section.8.1}% 67
\BOOKMARK [2][-]{subsection.8.1.6}{\376\377\000L\000a\000T\000e\000X\000\040\000C\000o\000n\000v\000e\000r\000s\000i\000o\000n}{section.8.1}% 68
\BOOKMARK [2][-]{subsection.8.1.7}{\376\377\000C\000o\000l\000o\000r\000\040\000P\000i\000c\000k\000i\000n\000g}{section.8.1}% 69
\BOOKMARK [2][-]{subsection.8.1.8}{\376\377\000L\000a\000n\000g\000u\000a\000g\000e\000\040\000P\000r\000o\000o\000f\000r\000e\000a\000d\000i\000n\000g}{section.8.1}% 70
\BOOKMARK [0][-]{appendix.A}{\376\377\000C\000o\000n\000t\000r\000a\000c\000t\000s}{}% 71
\BOOKMARK [0][-]{appendix.B}{\376\377\000R\000e\000p\000o\000r\000t\000\040\000R\000e\000s\000p\000o\000n\000s\000i\000b\000i\000l\000i\000t\000i\000e\000s\000\040\000T\000a\000b\000l\000e}{}% 72
\BOOKMARK [0][-]{appendix.C}{\376\377\000D\000e\000v\000e\000l\000o\000p\000m\000e\000n\000t\000\040\000T\000a\000b\000l\000e}{}% 73
\BOOKMARK [0][-]{appendix.D}{\376\377\000B\000a\000c\000k\000l\000o\000g\000s\000\040\000a\000n\000d\000\040\000R\000e\000t\000r\000o\000s\000p\000e\000c\000t\000i\000v\000e\000s}{}% 74
\BOOKMARK [1][-]{section.D.1}{\376\377\000S\000p\000r\000i\000n\000t\000\040\0001}{appendix.D}% 75
\BOOKMARK [1][-]{section.D.2}{\376\377\000S\000p\000r\000i\000n\000t\000\040\0002}{appendix.D}% 76
\BOOKMARK [1][-]{section.D.3}{\376\377\000S\000p\000r\000i\000n\000t\000\040\0003}{appendix.D}% 77
\BOOKMARK [1][-]{section.D.4}{\376\377\000S\000p\000r\000i\000n\000t\000\040\0004}{appendix.D}% 78
\BOOKMARK [1][-]{section.D.5}{\376\377\000S\000p\000r\000i\000n\000t\000\040\0005}{appendix.D}% 79
\BOOKMARK [0][-]{appendix.E}{\376\377\000I\000m\000p\000l\000e\000m\000e\000n\000t\000a\000t\000i\000o\000n\000\040\000B\000a\000c\000k\000e\000n\000d}{}% 80
\BOOKMARK [1][-]{section.E.1}{\376\377\000A\000s\000s\000e\000t\000M\000a\000n\000a\000g\000e\000r}{appendix.E}% 81
\BOOKMARK [1][-]{section.E.2}{\376\377\000S\000o\000u\000r\000c\000e\000D\000a\000t\000a\000M\000a\000n\000a\000g\000e\000r}{appendix.E}% 82
\BOOKMARK [1][-]{section.E.3}{\376\377\000O\000p\000t\000i\000m\000i\000z\000e\000r}{appendix.E}% 83
\BOOKMARK [0][-]{appendix.F}{\376\377\000M\000e\000e\000t\000i\000n\000g\000\040\000L\000o\000g\000s}{}% 84
\BOOKMARK [0][-]{appendix.G}{\376\377\000P\000r\000o\000d\000u\000c\000t\000\040\000I\000n\000c\000r\000e\000m\000e\000n\000t\000s}{}% 85
\BOOKMARK [0][-]{appendix.H}{\376\377\000O\000t\000h\000e\000r\000\040\000U\000M\000L\000\040\000D\000i\000a\000g\000r\000a\000m\000s}{}% 86
\BOOKMARK [0][-]{appendix.I}{\376\377\000F\000i\000g\000m\000a\000\040\000P\000r\000o\000t\000o\000t\000y\000p\000e}{}% 87
\BOOKMARK [0][-]{appendix.J}{\376\377\000E\000a\000r\000l\000y\000\040\000S\000k\000e\000t\000c\000h\000e\000s}{}% 88
\BOOKMARK [0][-]{appendix.K}{\376\377\000I\000n\000t\000r\000o\000d\000u\000c\000t\000i\000o\000n\000:\000\040\000F\000i\000g\000u\000r\000e\000s}{}% 89
\BOOKMARK [0][-]{appendix.L}{\376\377\000S\000t\000y\000l\000i\000n\000g\000:\000\040\000S\000n\000i\000p\000p\000e\000t\000s}{}% 90
\BOOKMARK [0][-]{figure.caption.43}{\376\377\000R\000e\000f\000e\000r\000e\000n\000c\000e\000s}{}% 91
